
========================================
COMPREHENSIVE END-TO-END TEST SUITE
Testing: Roles | Pages | Workflows
Verification: UI + Backend + Database
========================================

[+] Database pool created

================================================================================
AUTHENTICATION FOR ALL ROLES
================================================================================

  Attempting login for SUPER_ADMIN with mobile 9999999999
  Response status: 200
[+] Authenticated SUPER_ADMIN

  Attempting login for ADMIN with mobile 8888888888
  Response status: 200
[+] Authenticated ADMIN

  Attempting login for USER with mobile 7777777777
  Response status: 200
[+] Authenticated USER

  Attempting login for SUPER_USER with mobile 6666666666
  Response status: 401
[-] Failed to authenticate SUPER_USER: Status 401
    Response: {"detail":"Invalid credentials"}

[+] 3/4 roles authenticated - continuing with tests

================================================================================
TEST: SUPER_ADMIN - Role Management
================================================================================
[FAIL] SUPER_ADMIN - List all users | Mismatch: API 1 vs DB 8

================================================================================
TEST: ADMIN - User Lifecycle
================================================================================
[FAIL] ADMIN - Cannot list all users (permission boundary) | Expected 403, got 200

================================================================================
TEST: USER - Trading Flows
================================================================================
[FAIL] USER - Fetch orders | Status 307
[FAIL] USER - Fetch positions | Status 307
[FAIL] USER - Fetch margin (NSE) | Status 404

================================================================================
TEST: All Pages Load for USER
================================================================================
[FAIL] USER - Load Orders | Status 307
[FAIL] USER - Load Positions | Status 307
[FAIL] USER - Load Ledger | Status 307
[FAIL] USER - Load Payouts | Status 307

================================================================================
TEST: Authorization Boundaries
================================================================================
[PASS] USER - Cannot access admin users endpoint
[PASS] USER - Can view own ledger
[PASS] SUPER_ADMIN - Can access all users

================================================================================
TEST: Auth Switching
================================================================================
[PASS] Switch between USER and ADMIN

================================================================================
TEST SUMMARY
================================================================================

Total: 7/17 tests passed (41% success)

[PASS] Login as SUPER_ADMIN
  - user_id: 00000000-0000-0000-0000-000000000001
[PASS] Login as ADMIN
  - user_id: 00000000-0000-0000-0000-000000000002
[PASS] Login as USER
  - user_id: 00000000-0000-0000-0000-000000000003
[FAIL] Login as SUPER_USER | Status 401: {"detail":"Invalid credentials"}
[FAIL] SUPER_ADMIN - List all users | Mismatch: API 1 vs DB 8
[FAIL] ADMIN - Cannot list all users (permission boundary) | Expected 403, got 200
[FAIL] USER - Fetch orders | Status 307
[FAIL] USER - Fetch positions | Status 307
[FAIL] USER - Fetch margin (NSE) | Status 404
[FAIL] USER - Load Orders | Status 307
[FAIL] USER - Load Positions | Status 307
[FAIL] USER - Load Ledger | Status 307
[FAIL] USER - Load Payouts | Status 307
[PASS] USER - Cannot access admin users endpoint
[PASS] USER - Can view own ledger
[PASS] SUPER_ADMIN - Can access all users
[PASS] Switch between USER and ADMIN
  - user_different_from_admin: True

================================================================================
[-] 10 TESTS FAILED
================================================================================
